>> seed=44 (sobrepõe cfg.seed=42)
>> cadeias: treino=3962 val=495 | crop=64 n_types=8 tipos=['hbond', 'polar', 'ionic', 'aromatic', 'hydrophobic', 'carbonyl', 'vdw', 'covalent']
>> perda de tipos: ASL gamma_pos=0.0 gamma_neg=4.0 clip=0.05
>> class_weight: hbond:5.82 polar:1.00 ionic:5.35 aromatic:6.27 hydrophobic:1.17 carbonyl:3.32 vdw:1.17 covalent:8.00
ep  1 trL=0.144 vaL=0.108 AUPRC_contact=0.83 AUPRC_types_macro=0.32 | hbond:0.03 polar:0.81 ionic:0.11 aromatic:0.10 hydrophobic:0.52 carbonyl:0.29 vdw:0.68 covalent:0.05
>> seed=44 (sobrepõe cfg.seed=42)
>> cadeias: treino=3962 val=495 | crop=64 n_types=8 tipos=['hbond', 'polar', 'ionic', 'aromatic', 'hydrophobic', 'carbonyl', 'vdw', 'covalent']
>> perda de tipos: ASL gamma_pos=0.0 gamma_neg=4.0 clip=0.05
>> class_weight: hbond:5.82 polar:1.00 ionic:5.35 aromatic:6.27 hydrophobic:1.17 carbonyl:3.32 vdw:1.17 covalent:8.00
/home/wyllgner/Documentos/artigo/bio/src/train_conv2d.py:221: FutureWarning: You are using `torch.load` with `weights_only=False` (the current default value), which uses the default pickle module implicitly. It is possible to construct malicious pickle data which will execute arbitrary code during unpickling (See https://github.com/pytorch/pytorch/blob/main/SECURITY.md#untrusted-models for more details). In a future release, the default value for `weights_only` will be flipped to `True`. This limits the functions that could be executed during unpickling. Arbitrary objects will no longer be allowed to be loaded via this mode unless they are explicitly allowlisted by the user via `torch.serialization.add_safe_globals`. We recommend you start setting `weights_only=True` for any use case where you don't have full control of the loaded file. Please open an issue on GitHub for any issues related to this experimental feature.
  ck = torch.load(ckpt_path, map_location=device)
/home/wyllgner/Documentos/artigo/bio/.venv/lib/python3.12/site-packages/torch/optim/lr_scheduler.py:224: UserWarning: Detected call of `lr_scheduler.step()` before `optimizer.step()`. In PyTorch 1.1.0 and later, you should call them in the opposite order: `optimizer.step()` before `lr_scheduler.step()`.  Failure to do this will result in PyTorch skipping the first value of the learning rate schedule. See more details at https://pytorch.org/docs/stable/optim.html#how-to-adjust-learning-rate
  warnings.warn(
>> retomando de last.pt: proxima epoca=3 best=0.422
ep  5 trL=0.098 vaL=0.096 AUPRC_contact=0.86 AUPRC_types_macro=0.50 | hbond:0.07 polar:0.84 ionic:0.36 aromatic:0.45 hydrophobic:0.59 carbonyl:0.36 vdw:0.73 covalent:0.61
>> seed=44 (sobrepõe cfg.seed=42)
>> cadeias: treino=3962 val=495 | crop=64 n_types=8 tipos=['hbond', 'polar', 'ionic', 'aromatic', 'hydrophobic', 'carbonyl', 'vdw', 'covalent']
>> perda de tipos: ASL gamma_pos=0.0 gamma_neg=4.0 clip=0.05
>> class_weight: hbond:5.82 polar:1.00 ionic:5.35 aromatic:6.27 hydrophobic:1.17 carbonyl:3.32 vdw:1.17 covalent:8.00
/home/wyllgner/Documentos/artigo/bio/src/train_conv2d.py:221: FutureWarning: You are using `torch.load` with `weights_only=False` (the current default value), which uses the default pickle module implicitly. It is possible to construct malicious pickle data which will execute arbitrary code during unpickling (See https://github.com/pytorch/pytorch/blob/main/SECURITY.md#untrusted-models for more details). In a future release, the default value for `weights_only` will be flipped to `True`. This limits the functions that could be executed during unpickling. Arbitrary objects will no longer be allowed to be loaded via this mode unless they are explicitly allowlisted by the user via `torch.serialization.add_safe_globals`. We recommend you start setting `weights_only=True` for any use case where you don't have full control of the loaded file. Please open an issue on GitHub for any issues related to this experimental feature.
  ck = torch.load(ckpt_path, map_location=device)
/home/wyllgner/Documentos/artigo/bio/.venv/lib/python3.12/site-packages/torch/optim/lr_scheduler.py:224: UserWarning: Detected call of `lr_scheduler.step()` before `optimizer.step()`. In PyTorch 1.1.0 and later, you should call them in the opposite order: `optimizer.step()` before `lr_scheduler.step()`.  Failure to do this will result in PyTorch skipping the first value of the learning rate schedule. See more details at https://pytorch.org/docs/stable/optim.html#how-to-adjust-learning-rate
  warnings.warn(
>> retomando de last.pt: proxima epoca=8 best=0.518
ep 10 trL=0.088 vaL=0.096 AUPRC_contact=0.86 AUPRC_types_macro=0.53 | hbond:0.08 polar:0.85 ionic:0.39 aromatic:0.50 hydrophobic:0.61 carbonyl:0.38 vdw:0.74 covalent:0.69
ep 15 trL=0.083 vaL=0.096 AUPRC_contact=0.86 AUPRC_types_macro=0.54 | hbond:0.11 polar:0.84 ionic:0.40 aromatic:0.51 hydrophobic:0.62 carbonyl:0.38 vdw:0.74 covalent:0.72
ep 20 trL=0.079 vaL=0.098 AUPRC_contact=0.86 AUPRC_types_macro=0.54 | hbond:0.12 polar:0.84 ionic:0.40 aromatic:0.52 hydrophobic:0.62 carbonyl:0.38 vdw:0.74 covalent:0.72
>> early stopping na epoca 24 (sem melhora ha 8 epocas)
>> melhor AUPRC_types_macro=0.542 salvo em outputs/conv2d_650m_aa_s44/best.pt
