>> cadeias: treino=3962 val=495 | crop=64 n_types=8 tipos=['hbond', 'polar', 'ionic', 'aromatic', 'hydrophobic', 'carbonyl', 'vdw', 'covalent']
>> perda de tipos: ASL gamma_pos=0.0 gamma_neg=4.0 clip=0.05
>> class_weight: hbond:5.82 polar:1.00 ionic:5.35 aromatic:6.27 hydrophobic:1.17 carbonyl:3.32 vdw:1.17 covalent:8.00
ep  1 trL=0.140 vaL=0.110 AUPRC_contact=0.83 AUPRC_types_macro=0.30 | hbond:0.02 polar:0.80 ionic:0.06 aromatic:0.03 hydrophobic:0.50 carbonyl:0.30 vdw:0.68 covalent:0.02
ep  5 trL=0.099 vaL=0.099 AUPRC_contact=0.85 AUPRC_types_macro=0.44 | hbond:0.05 polar:0.84 ionic:0.23 aromatic:0.25 hydrophobic:0.58 carbonyl:0.35 vdw:0.72 covalent:0.53
ep 10 trL=0.090 vaL=0.097 AUPRC_contact=0.86 AUPRC_types_macro=0.48 | hbond:0.08 polar:0.84 ionic:0.30 aromatic:0.32 hydrophobic:0.59 carbonyl:0.36 vdw:0.73 covalent:0.64
ep 15 trL=0.084 vaL=0.100 AUPRC_contact=0.86 AUPRC_types_macro=0.49 | hbond:0.07 polar:0.84 ionic:0.31 aromatic:0.33 hydrophobic:0.60 carbonyl:0.36 vdw:0.73 covalent:0.68
ep 20 trL=0.080 vaL=0.100 AUPRC_contact=0.86 AUPRC_types_macro=0.50 | hbond:0.08 polar:0.84 ionic:0.31 aromatic:0.35 hydrophobic:0.60 carbonyl:0.36 vdw:0.73 covalent:0.70
/home/wyllgner/Documentos/artigo/bio/src/train_conv2d.py:130: FutureWarning: You are using `torch.load` with `weights_only=False` (the current default value), which uses the default pickle module implicitly. It is possible to construct malicious pickle data which will execute arbitrary code during unpickling (See https://github.com/pytorch/pytorch/blob/main/SECURITY.md#untrusted-models for more details). In a future release, the default value for `weights_only` will be flipped to `True`. This limits the functions that could be executed during unpickling. Arbitrary objects will no longer be allowed to be loaded via this mode unless they are explicitly allowlisted by the user via `torch.serialization.add_safe_globals`. We recommend you start setting `weights_only=True` for any use case where you don't have full control of the loaded file. Please open an issue on GitHub for any issues related to this experimental feature.
  ck = torch.load(ckpt_path, map_location=device)
/home/wyllgner/Documentos/artigo/bio/.venv/lib/python3.12/site-packages/torch/optim/lr_scheduler.py:224: UserWarning: Detected call of `lr_scheduler.step()` before `optimizer.step()`. In PyTorch 1.1.0 and later, you should call them in the opposite order: `optimizer.step()` before `lr_scheduler.step()`.  Failure to do this will result in PyTorch skipping the first value of the learning rate schedule. See more details at https://pytorch.org/docs/stable/optim.html#how-to-adjust-learning-rate
  warnings.warn(
>> cadeias: treino=3962 val=495 | crop=64 n_types=8 tipos=['hbond', 'polar', 'ionic', 'aromatic', 'hydrophobic', 'carbonyl', 'vdw', 'covalent']
>> perda de tipos: ASL gamma_pos=0.0 gamma_neg=4.0 clip=0.05
>> class_weight: hbond:5.82 polar:1.00 ionic:5.35 aromatic:6.27 hydrophobic:1.17 carbonyl:3.32 vdw:1.17 covalent:8.00
>> retomando de last.pt: proxima epoca=25 best=0.500
ep 25 trL=0.078 vaL=0.102 AUPRC_contact=0.85 AUPRC_types_macro=0.50 | hbond:0.08 polar:0.84 ionic:0.31 aromatic:0.35 hydrophobic:0.60 carbonyl:0.37 vdw:0.73 covalent:0.71
Traceback (most recent call last):
  File "/home/wyllgner/Documentos/artigo/bio/src/train_conv2d.py", line 170, in <module>
    main()
  File "/home/wyllgner/Documentos/artigo/bio/src/train_conv2d.py", line 156, in main
    torch.save({"model": model.state_dict(), "cfg": cfg, "types": names},
  File "/home/wyllgner/Documentos/artigo/bio/.venv/lib/python3.12/site-packages/torch/serialization.py", line 850, in save
    _save(
  File "/home/wyllgner/Documentos/artigo/bio/.venv/lib/python3.12/site-packages/torch/serialization.py", line 1112, in _save
    storage = storage.cpu()
              ^^^^^^^^^^^^^
  File "/home/wyllgner/Documentos/artigo/bio/.venv/lib/python3.12/site-packages/torch/storage.py", line 254, in cpu
    return torch.UntypedStorage(self.size()).copy_(self, False)
           ^^^^^^^^^^^^^^^^^^^^^^^^^^^^^^^^^^^^^^^^^^^^^^^^^^^^
RuntimeError: CUDA error: unspecified launch failure
CUDA kernel errors might be asynchronously reported at some other API call, so the stacktrace below might be incorrect.
For debugging consider passing CUDA_LAUNCH_BLOCKING=1
Compile with `TORCH_USE_CUDA_DSA` to enable device-side assertions.

/home/wyllgner/Documentos/artigo/bio/.venv/lib/python3.12/site-packages/torch/cuda/__init__.py:129: UserWarning: CUDA initialization: CUDA unknown error - this may be due to an incorrectly set up environment, e.g. changing env variable CUDA_VISIBLE_DEVICES after program start. Setting the available devices to be zero. (Triggered internally at ../c10/cuda/CUDAFunctions.cpp:108.)
  return torch._C._cuda_getDeviceCount() > 0
/home/wyllgner/Documentos/artigo/bio/src/train_conv2d.py:137: FutureWarning: You are using `torch.load` with `weights_only=False` (the current default value), which uses the default pickle module implicitly. It is possible to construct malicious pickle data which will execute arbitrary code during unpickling (See https://github.com/pytorch/pytorch/blob/main/SECURITY.md#untrusted-models for more details). In a future release, the default value for `weights_only` will be flipped to `True`. This limits the functions that could be executed during unpickling. Arbitrary objects will no longer be allowed to be loaded via this mode unless they are explicitly allowlisted by the user via `torch.serialization.add_safe_globals`. We recommend you start setting `weights_only=True` for any use case where you don't have full control of the loaded file. Please open an issue on GitHub for any issues related to this experimental feature.
  ck = torch.load(ckpt_path, map_location=device)
/home/wyllgner/Documentos/artigo/bio/.venv/lib/python3.12/site-packages/torch/optim/lr_scheduler.py:224: UserWarning: Detected call of `lr_scheduler.step()` before `optimizer.step()`. In PyTorch 1.1.0 and later, you should call them in the opposite order: `optimizer.step()` before `lr_scheduler.step()`.  Failure to do this will result in PyTorch skipping the first value of the learning rate schedule. See more details at https://pytorch.org/docs/stable/optim.html#how-to-adjust-learning-rate
  warnings.warn(
>> cadeias: treino=3962 val=495 | crop=64 n_types=8 tipos=['hbond', 'polar', 'ionic', 'aromatic', 'hydrophobic', 'carbonyl', 'vdw', 'covalent']
>> perda de tipos: ASL gamma_pos=0.0 gamma_neg=4.0 clip=0.05
>> class_weight: hbond:5.82 polar:1.00 ionic:5.35 aromatic:6.27 hydrophobic:1.17 carbonyl:3.32 vdw:1.17 covalent:8.00
>> retomando de last.pt: proxima epoca=27 best=0.500
ep 30 trL=0.077 vaL=0.102 AUPRC_contact=0.85 AUPRC_types_macro=0.50 | hbond:0.08 polar:0.84 ionic:0.31 aromatic:0.35 hydrophobic:0.60 carbonyl:0.37 vdw:0.73 covalent:0.71
>> melhor AUPRC_types_macro=0.500 salvo em outputs/conv2d_650m_asl/best.pt
