5pti done (ok=1)
1a18 done (ok=2)
131l done (ok=3)
1bp4 done (ok=4)
1bwi done (ok=5)
1bnz done (ok=6)
1kvb done (ok=7)
2jk1 done (ok=8)
6il0 done (ok=9)
1v9q done (ok=10)
3boj done (ok=11)
3h4c done (ok=12)
5c1y done (ok=13)
1xq3 done (ok=14)
3re9 done (ok=15)
1wxf done (ok=16)
1lh2 done (ok=17)
1ahq done (ok=18)
2in8 done (ok=19)
2g52 done (ok=20)
7e1p done (ok=21)
2fmu done (ok=22)
2j4x done (ok=23)
5j0i done (ok=24)
5qp7 done (ok=25)
1wfb done (ok=26)
2d59 done (ok=27)
7hmt done (ok=28)
5n1z done (ok=29)
3q7y done (ok=30)
2nwv done (ok=31)
8qv1 done (ok=32)
2g1m done (ok=33)
6xbr done (ok=34)
3aka done (ok=35)
9f4q done (ok=36)
3ghj done (ok=37)
3ljm done (ok=38)
3hev done (ok=39)
5yl6 done (ok=40)
4o7k done (ok=41)
1i05 done (ok=42)
6udt done (ok=43)
1vct done (ok=44)
5jnr done (ok=45)
1mdc done (ok=46)
7ibg done (ok=47)
7nq0 done (ok=48)
3dcz done (ok=49)
8i64 done (ok=50)
6pya done (ok=51)
3emm done (ok=52)
7a2o done (ok=53)
1m1u done (ok=54)
6vcn done (ok=55)
1jwq done (ok=56)
5ai3 done (ok=57)
4ksm done (ok=58)
1m8u done (ok=59)
9v56 done (ok=60)
2fj1 done (ok=61)
8t98 done (ok=62)
2z84 done (ok=63)
2b1k done (ok=64)
5xhw done (ok=65)
4v1p done (ok=66)
4lpl done (ok=67)
1hcv done (ok=68)
1w2i done (ok=69)
1yul done (ok=70)
1v8u done (ok=71)
9t2z done (ok=72)
6p0w done (ok=73)
3h0n done (ok=74)
1rb9 done (ok=75)
3dou done (ok=76)
5r4g done (ok=77)
4dh4 done (ok=78)
8wpt done (ok=79)
8g5e done (ok=80)
6nmw done (ok=81)
3w90 done (ok=82)
4fit done (ok=83)
6h8z done (ok=84)
2rhd done (ok=85)
6yv6 done (ok=86)
2odu done (ok=87)
1o6a done (ok=88)
1im4 done (ok=89)
3kpx done (ok=90)
4lwm done (ok=91)
1yu9 done (ok=92)
8wwr done (ok=93)
4inx done (ok=94)
8h7d done (ok=95)
1hyb done (ok=96)
8bxw done (ok=97)
7blk done (ok=98)
1s2x done (ok=99)
3exv done (ok=100)
1p3t done (ok=101)
1di7 done (ok=102)
4d63 done (ok=103)
2ouj done (ok=104)
2od5 done (ok=105)
5yfk done (ok=106)
1bfa done (ok=107)
3b81 done (ok=108)
1vqd done (ok=109)
3t7z done (ok=110)
3jrn done (ok=111)
7xwf done (ok=112)
6a07 done (ok=113)
3vy7 done (ok=114)
1boq done (ok=115)
9fw7 done (ok=116)
1yea done (ok=117)
1xnb done (ok=118)
1au3 done (ok=119)
